1:1 FN "fn"
1:4 IDENTIFIER "main"
1:8 LPAREN "("
1:9 RPAREN ")"
1:11 LBRACE "{"
2:5 INT "int"
2:9 IDENTIFIER "counter"
2:17 ASSIGN "="
2:19 INT_LITERAL "42" 42
2:21 SEMICOLON ";"
3:5 FLOAT "float"
3:11 IDENTIFIER "pi"
3:14 ASSIGN "="
3:16 FLOAT_LITERAL "3.14" 3.14
3:20 SEMICOLON ";"
4:5 BOOL "bool"
4:10 IDENTIFIER "flag"
4:15 ASSIGN "="
4:17 TRUE "true" True
4:21 SEMICOLON ";"
5:5 RETURN "return"
5:12 INT_LITERAL "0" 0
5:13 SEMICOLON ";"
6:1 RBRACE "}"
6:2 END_OF_FILE ""
